04/10/2026 09:29:42 AM - HTTP Request: HEAD https://huggingface.co/w11wo/indonesian-roberta-base-sentiment-classifier/resolve/main/config.json "HTTP/1.1 307 Temporary Redirect"
04/10/2026 09:29:42 AM - HTTP Request: HEAD https://huggingface.co/api/resolve-cache/models/w11wo/indonesian-roberta-base-sentiment-classifier/ac452dcb0f4966130bba44f4ee0013bb5d52c282/config.json "HTTP/1.1 200 OK"
04/10/2026 09:29:43 AM - HTTP Request: HEAD https://huggingface.co/w11wo/indonesian-roberta-base-sentiment-classifier/resolve/main/tokenizer_config.json "HTTP/1.1 307 Temporary Redirect"
04/10/2026 09:29:43 AM - HTTP Request: HEAD https://huggingface.co/api/resolve-cache/models/w11wo/indonesian-roberta-base-sentiment-classifier/ac452dcb0f4966130bba44f4ee0013bb5d52c282/tokenizer_config.json "HTTP/1.1 200 OK"
04/10/2026 09:29:43 AM - HTTP Request: GET https://huggingface.co/api/models/w11wo/indonesian-roberta-base-sentiment-classifier/tree/main/additional_chat_templates?recursive=false&expand=false "HTTP/1.1 404 Not Found"
04/10/2026 09:29:43 AM - HTTP Request: GET https://huggingface.co/api/models/w11wo/indonesian-roberta-base-sentiment-classifier/tree/main?recursive=true&expand=false "HTTP/1.1 200 OK"
04/10/2026 09:29:44 AM - HTTP Request: HEAD https://huggingface.co/w11wo/indonesian-roberta-base-sentiment-classifier/resolve/main/config.json "HTTP/1.1 307 Temporary Redirect"
04/10/2026 09:29:44 AM - HTTP Request: HEAD https://huggingface.co/api/resolve-cache/models/w11wo/indonesian-roberta-base-sentiment-classifier/ac452dcb0f4966130bba44f4ee0013bb5d52c282/config.json "HTTP/1.1 200 OK"

[*] Menghidupkan Mesin AI Lokal (IndoRoBERTa)... Menginisialisasi Perangkat Keras...
Loading weights:   0%|          | 0/201 [00:00<?, ?it/s]Loading weights: 100%|██████████| 201/201 [00:00<00:00, 2263.52it/s]
[1mRobertaForSequenceClassification LOAD REPORT[0m from: w11wo/indonesian-roberta-base-sentiment-classifier
Key                             | Status     |  | 
--------------------------------+------------+--+-
roberta.embeddings.position_ids | UNEXPECTED |  | 

Notes:
- UNEXPECTED:	can be ignored when loading from different task/architecture; not ok if you expect identical arch.
04/10/2026 09:31:25 AM - Certificate did not match expected hostname: duckduckgo.com. Certificate: {'subject': ((('countryName', 'ID'),), (('localityName', 'Jakarta Selatan'),), (('organizationName', 'PT Telekomunikasi Selular'),), (('commonName', 'internetbaik.telkomsel.com'),)), 'issuer': ((('countryName', 'US'),), (('organizationName', 'DigiCert Inc'),), (('commonName', 'DigiCert Global G2 TLS RSA SHA256 2020 CA1'),)), 'version': 3, 'serialNumber': '046114EEB9F134291B2B43A6A2E88779', 'notBefore': 'Aug 26 00:00:00 2025 GMT', 'notAfter': 'Aug 25 23:59:59 2026 GMT', 'subjectAltName': (('DNS', 'internetbaik.telkomsel.com'), ('DNS', 'internettepat.telkomsel.com')), 'OCSP': ('http://ocsp.digicert.com',), 'caIssuers': ('http://cacerts.digicert.com/DigiCertGlobalG2TLSRSASHA2562020CA1-1.crt',), 'crlDistributionPoints': ('http://crl3.digicert.com/DigiCertGlobalG2TLSRSASHA2562020CA1-1.crl', 'http://crl4.digicert.com/DigiCertGlobalG2TLSRSASHA2562020CA1-1.crl')}
04/10/2026 09:31:36 AM - Certificate did not match expected hostname: duckduckgo.com. Certificate: {'subject': ((('countryName', 'ID'),), (('localityName', 'Jakarta Selatan'),), (('organizationName', 'PT Telekomunikasi Selular'),), (('commonName', 'internetbaik.telkomsel.com'),)), 'issuer': ((('countryName', 'US'),), (('organizationName', 'DigiCert Inc'),), (('commonName', 'DigiCert Global G2 TLS RSA SHA256 2020 CA1'),)), 'version': 3, 'serialNumber': '046114EEB9F134291B2B43A6A2E88779', 'notBefore': 'Aug 26 00:00:00 2025 GMT', 'notAfter': 'Aug 25 23:59:59 2026 GMT', 'subjectAltName': (('DNS', 'internetbaik.telkomsel.com'), ('DNS', 'internettepat.telkomsel.com')), 'OCSP': ('http://ocsp.digicert.com',), 'caIssuers': ('http://cacerts.digicert.com/DigiCertGlobalG2TLSRSASHA2562020CA1-1.crt',), 'crlDistributionPoints': ('http://crl3.digicert.com/DigiCertGlobalG2TLSRSASHA2562020CA1-1.crl', 'http://crl4.digicert.com/DigiCertGlobalG2TLSRSASHA2562020CA1-1.crl')}
[+] IndoRoBERTa Berhasil Dimuat dan *Standby*!

==========================================================
SISTEM CRAWLING BERITA KODAM V/BRAWIJAYA BERJALAN PARALEL 
==========================================================
[*] Mencari berita untuk query: 'TNI Bangkalan'
[+] Ditemukan 2 berita untuk query: 'TNI Bangkalan'
[*] Mencari berita untuk query: 'TNI Banyuwangi'
[+] Ditemukan 25 berita untuk query: 'TNI Banyuwangi'
[*] Mencari berita untuk query: 'TNI Blitar'
[+] Ditemukan 11 berita untuk query: 'TNI Blitar'
[*] Mencari berita untuk query: 'TNI Bojonegoro'
[+] Ditemukan 13 berita untuk query: 'TNI Bojonegoro'
[*] Mencari berita untuk query: 'TNI Bondowoso'
[+] Ditemukan 4 berita untuk query: 'TNI Bondowoso'
[*] Mencari berita untuk query: 'TNI Gresik'
[+] Ditemukan 28 berita untuk query: 'TNI Gresik'
[*] Mencari berita untuk query: 'TNI Jember'
[+] Ditemukan 35 berita untuk query: 'TNI Jember'
[-] Terfilter (Aman/Positif): 'Unismuh Gadeng LAFI TNI AD, Ti...' -> Dibuang.
[*] Mencari berita untuk query: 'TNI Jombang'
[+] Ditemukan 23 berita untuk query: 'TNI Jombang'
[-] Terfilter (Aman/Positif): 'Bupati Jombang Warsubi Hadiri ...' -> Dibuang.
[*] Mencari berita untuk query: 'TNI Kediri'
[+] Ditemukan 16 berita untuk query: 'TNI Kediri'
[*] Mencari berita untuk query: 'TNI Lamongan'
[+] Ditemukan 14 berita untuk query: 'TNI Lamongan'
[*] Mencari berita untuk query: 'TNI Lumajang'
[+] Ditemukan 14 berita untuk query: 'TNI Lumajang'
[-] Terfilter (Aman/Positif): 'Kapolres Lumajang Alex Sandy S...' -> Dibuang.
[*] Mencari berita untuk query: 'TNI Madiun'
[+] Ditemukan 26 berita untuk query: 'TNI Madiun'
[-] Terfilter (Aman/Positif): '93 PNS Pemkab Madiun Resmi Dis...' -> Dibuang.
[*] Mencari berita untuk query: 'TNI Magetan'
[+] Ditemukan 5 berita untuk query: 'TNI Magetan'
[*] Mencari berita untuk query: 'TNI Malang'
[+] Ditemukan 26 berita untuk query: 'TNI Malang'
[-] Terfilter (Aman/Positif): 'Akademisi Sepakat dengan Sikap...' -> Dibuang.
[*] Mencari berita untuk query: 'TNI Mojokerto'
[+] Ditemukan 8 berita untuk query: 'TNI Mojokerto'
[*] Mencari berita untuk query: 'TNI Nganjuk'
[+] Ditemukan 3 berita untuk query: 'TNI Nganjuk'
[*] Mencari berita untuk query: 'TNI Ngawi'
[+] Ditemukan 6 berita untuk query: 'TNI Ngawi'
[*] Mencari berita untuk query: 'TNI Pacitan'
[+] Ditemukan 7 berita untuk query: 'TNI Pacitan'
[*] Mencari berita untuk query: 'TNI Pamekasan'
[+] Ditemukan 5 berita untuk query: 'TNI Pamekasan'
[*] Mencari berita untuk query: 'TNI Pasuruan'
[+] Ditemukan 22 berita untuk query: 'TNI Pasuruan'
[-] Terfilter (Aman/Positif): 'Dari Kokpit Indonesia One, Pra...' -> Dibuang.
[*] Mencari berita untuk query: 'TNI Ponorogo'
[+] Ditemukan 8 berita untuk query: 'TNI Ponorogo'
[*] Mencari berita untuk query: 'TNI Probolinggo'
[+] Ditemukan 8 berita untuk query: 'TNI Probolinggo'
[*] Mencari berita untuk query: 'TNI Sampang'
[+] Ditemukan 15 berita untuk query: 'TNI Sampang'
[*] Mencari berita untuk query: 'TNI Sidoarjo'
[+] Ditemukan 20 berita untuk query: 'TNI Sidoarjo'
[*] Mencari berita untuk query: 'TNI Situbondo'
[+] Ditemukan 18 berita untuk query: 'TNI Situbondo'
[*] Mencari berita untuk query: 'TNI Sumenep'
[+] Ditemukan 13 berita untuk query: 'TNI Sumenep'
[*] Mencari berita untuk query: 'TNI Trenggalek'
[+] Ditemukan 6 berita untuk query: 'TNI Trenggalek'
[*] Mencari berita untuk query: 'TNI Tuban'
[+] Ditemukan 8 berita untuk query: 'TNI Tuban'
[*] Mencari berita untuk query: 'TNI Tulungagung'
[+] Ditemukan 7 berita untuk query: 'TNI Tulungagung'
[*] Mencari berita untuk query: 'TNI Batu'
[+] Ditemukan 42 berita untuk query: 'TNI Batu'
[*] Crawled & Lolos Filter: 'Anak 10 Tahun Tewas Terseret O...' -> Masuk Antrean (Sisa: 1)
[*] Mencari berita untuk query: 'TNI Surabaya'
[Worker-1] Memproses artikel dari antrean: Anak 10 Tahun Tewas Terseret Ombak di Pa...
[*] Memproses artikel: Anak 10 Tahun Tewas Terseret Ombak di Pantai Batu ...
[+] Ditemukan 32 berita untuk query: 'TNI Surabaya'
[-] Terfilter (Aman/Positif): 'Pelatih Persija Putar Otak Sia...' -> Dibuang.
[*] Mencari berita untuk query: 'TNI Jawa Timur'
[!] Decoder Gagal/Limit (429). Menjalankan Lapis 4: Resilient Search...
[+] Ditemukan 44 berita untuk query: 'TNI Jawa Timur'
[-] Terfilter (Aman/Positif): 'Hujan Deras Guyur Kota Batu, S...' -> Dibuang.
[-] Terfilter (Aman/Positif): 'Lanud Dhomber Balikpapan Perin...' -> Dibuang.
[-] Terfilter (Aman/Positif): 'Puskapol UI: Penundaan Revisi ...' -> Dibuang.
[-] Terfilter (Aman/Positif): 'Apel Pagi Polres Kediri Kota, ...' -> Dibuang.
[-] Terfilter (Aman/Positif): 'TNI AL Gelar Sosialisasi Pengo...' -> Dibuang.
[-] Terfilter (Aman/Positif): 'Lanud Dhomber Gelar Upacara HU...' -> Dibuang.
[-] Terfilter (Aman/Positif): 'DPRD Gelar Paripurna Istimewa ...' -> Dibuang.
[*] Mencari berita untuk query: 'oknum TNI Bangkalan'
[*] Mencari berita untuk query: 'oknum TNI Banyuwangi'
[+] Ditemukan 1 berita untuk query: 'oknum TNI Banyuwangi'
[*] Mencari berita untuk query: 'oknum TNI Blitar'
[+] Ditemukan 1 berita untuk query: 'oknum TNI Blitar'
[*] Mencari berita untuk query: 'oknum TNI Bojonegoro'
[+] Ditemukan 3 berita untuk query: 'oknum TNI Bojonegoro'
[*] Mencari berita untuk query: 'oknum TNI Bondowoso'
[*] Mencari berita untuk query: 'oknum TNI Gresik'
[+] Ditemukan 2 berita untuk query: 'oknum TNI Gresik'
[*] Mencari berita untuk query: 'oknum TNI Jember'
[*] Mencari berita untuk query: 'oknum TNI Jombang'
[+] Ditemukan 2 berita untuk query: 'oknum TNI Jombang'
[*] Mencari berita untuk query: 'oknum TNI Kediri'
[*] Mencari berita untuk query: 'oknum TNI Lamongan'
[*] Mencari berita untuk query: 'oknum TNI Lumajang'
[+] Ditemukan 4 berita untuk query: 'oknum TNI Lumajang'
[*] Mencari berita untuk query: 'oknum TNI Madiun'
[+] Ditemukan 1 berita untuk query: 'oknum TNI Madiun'
[*] Mencari berita untuk query: 'oknum TNI Magetan'
[*] Mencari berita untuk query: 'oknum TNI Malang'
[+] Ditemukan 3 berita untuk query: 'oknum TNI Malang'
[-] Terfilter (Aman/Positif): 'Zaskia Mecca kecewa sidang pen...' -> Dibuang.
[*] Mencari berita untuk query: 'oknum TNI Mojokerto'
[*] Mencari berita untuk query: 'oknum TNI Nganjuk'
[*] Mencari berita untuk query: 'oknum TNI Ngawi'
[+] Ditemukan 1 berita untuk query: 'oknum TNI Ngawi'
[*] Mencari berita untuk query: 'oknum TNI Pacitan'
[+] Ditemukan 1 berita untuk query: 'oknum TNI Pacitan'
[*] Mencari berita untuk query: 'oknum TNI Pamekasan'
[*] Mencari berita untuk query: 'oknum TNI Pasuruan'
[+] Ditemukan 1 berita untuk query: 'oknum TNI Pasuruan'
[*] Mencari berita untuk query: 'oknum TNI Ponorogo'
[+] Ditemukan 1 berita untuk query: 'oknum TNI Ponorogo'
[*] Mencari berita untuk query: 'oknum TNI Probolinggo'
[*] Mencari berita untuk query: 'oknum TNI Sampang'
[*] Mencari berita untuk query: 'oknum TNI Sidoarjo'
[*] Mencari berita untuk query: 'oknum TNI Situbondo'
[*] Mencari berita untuk query: 'oknum TNI Sumenep'
[+] Ditemukan 2 berita untuk query: 'oknum TNI Sumenep'
[*] Mencari berita untuk query: 'oknum TNI Trenggalek'
[+] Ditemukan 2 berita untuk query: 'oknum TNI Trenggalek'
[*] Mencari berita untuk query: 'oknum TNI Tuban'
[*] Mencari berita untuk query: 'oknum TNI Tulungagung'
[*] Mencari berita untuk query: 'oknum TNI Batu'
[+] Ditemukan 1 berita untuk query: 'oknum TNI Batu'
[-] Terfilter (Aman/Positif): 'Gedung Gereja GKE Sangal Dipin...' -> Dibuang.
[*] Mencari berita untuk query: 'oknum TNI Surabaya'
[!] Peringatan: Gagal mengekstrak teks asli, fallback ke metode deskripsi pintar (GNews fallback).
[+] Ditemukan 10 berita untuk query: 'oknum TNI Surabaya'
[*] Mencari berita untuk query: 'oknum TNI Jawa Timur'
[+] Ditemukan 9 berita untuk query: 'oknum TNI Jawa Timur'
[-] Terfilter (Aman/Positif): 'Aksi Solidaritas Andrie Yunus ...' -> Dibuang.
[-] Terfilter (Aman/Positif): 'Zaskia Mecca Kecewa Sidang Pen...' -> Dibuang.
[*] Mencari berita untuk query: 'TNI viral Bangkalan'
[+] Ditemukan 1 berita untuk query: 'TNI viral Bangkalan'
[*] Mencari berita untuk query: 'TNI viral Banyuwangi'
[+] Ditemukan 1 berita untuk query: 'TNI viral Banyuwangi'
[*] Mencari berita untuk query: 'TNI viral Blitar'
[+] Ditemukan 1 berita untuk query: 'TNI viral Blitar'
[*] Mencari berita untuk query: 'TNI viral Bojonegoro'04/10/2026 09:31:43 AM - HTTP Request: POST https://api.groq.com/openai/v1/chat/completions "HTTP/1.1 200 OK"
04/10/2026 09:32:48 AM - Certificate did not match expected hostname: duckduckgo.com. Certificate: {'subject': ((('countryName', 'ID'),), (('localityName', 'Jakarta Selatan'),), (('organizationName', 'PT Telekomunikasi Selular'),), (('commonName', 'internetbaik.telkomsel.com'),)), 'issuer': ((('countryName', 'US'),), (('organizationName', 'DigiCert Inc'),), (('commonName', 'DigiCert Global G2 TLS RSA SHA256 2020 CA1'),)), 'version': 3, 'serialNumber': '046114EEB9F134291B2B43A6A2E88779', 'notBefore': 'Aug 26 00:00:00 2025 GMT', 'notAfter': 'Aug 25 23:59:59 2026 GMT', 'subjectAltName': (('DNS', 'internetbaik.telkomsel.com'), ('DNS', 'internettepat.telkomsel.com')), 'OCSP': ('http://ocsp.digicert.com',), 'caIssuers': ('http://cacerts.digicert.com/DigiCertGlobalG2TLSRSASHA2562020CA1-1.crt',), 'crlDistributionPoints': ('http://crl3.digicert.com/DigiCertGlobalG2TLSRSASHA2562020CA1-1.crl', 'http://crl4.digicert.com/DigiCertGlobalG2TLSRSASHA2562020CA1-1.crl')}
04/10/2026 09:32:56 AM - Certificate did not match expected hostname: duckduckgo.com. Certificate: {'subject': ((('countryName', 'ID'),), (('localityName', 'Jakarta Selatan'),), (('organizationName', 'PT Telekomunikasi Selular'),), (('commonName', 'internetbaik.telkomsel.com'),)), 'issuer': ((('countryName', 'US'),), (('organizationName', 'DigiCert Inc'),), (('commonName', 'DigiCert Global G2 TLS RSA SHA256 2020 CA1'),)), 'version': 3, 'serialNumber': '046114EEB9F134291B2B43A6A2E88779', 'notBefore': 'Aug 26 00:00:00 2025 GMT', 'notAfter': 'Aug 25 23:59:59 2026 GMT', 'subjectAltName': (('DNS', 'internetbaik.telkomsel.com'), ('DNS', 'internettepat.telkomsel.com')), 'OCSP': ('http://ocsp.digicert.com',), 'caIssuers': ('http://cacerts.digicert.com/DigiCertGlobalG2TLSRSASHA2562020CA1-1.crt',), 'crlDistributionPoints': ('http://crl3.digicert.com/DigiCertGlobalG2TLSRSASHA2562020CA1-1.crl', 'http://crl4.digicert.com/DigiCertGlobalG2TLSRSASHA2562020CA1-1.crl')}

[+] Ditemukan 3 berita untuk query: 'TNI viral Bojonegoro'
[*] Mencari berita untuk query: 'TNI viral Bondowoso'
[*] Melakukan AI Profiling terhadap: Anak 10 Tahun Tewas Terseret Ombak di Pantai Batu Putih Meulaboh - infomalangraya.com
[*] Menggunakan model: llama-3.3-70b-versatile (Percobaan 1)
[*] Mencari berita untuk query: 'TNI viral Gresik'
[+] Ditemukan 3 berita untuk query: 'TNI viral Gresik'
[*] Mencari berita untuk query: 'TNI viral Jember'
[-] Berita diabaikan karena wilayah kejadian di luar Jawa Timur: Anak 10 Tahun Tewas Terseret Ombak di Pantai Batu Putih Meulaboh - infomalangraya.com
[*] Mencari berita untuk query: 'TNI viral Jombang'
[*] Mencari berita untuk query: 'TNI viral Kediri'
[*] Mencari berita untuk query: 'TNI viral Lamongan'
[+] Ditemukan 2 berita untuk query: 'TNI viral Lamongan'
[*] Mencari berita untuk query: 'TNI viral Lumajang'
[+] Ditemukan 1 berita untuk query: 'TNI viral Lumajang'
[*] Mencari berita untuk query: 'TNI viral Madiun'
[+] Ditemukan 2 berita untuk query: 'TNI viral Madiun'
[*] Mencari berita untuk query: 'TNI viral Magetan'
[*] Mencari berita untuk query: 'TNI viral Malang'
[+] Ditemukan 4 berita untuk query: 'TNI viral Malang'
[*] Mencari berita untuk query: 'TNI viral Mojokerto'
[*] Mencari berita untuk query: 'TNI viral Nganjuk'
[+] Ditemukan 1 berita untuk query: 'TNI viral Nganjuk'
[*] Mencari berita untuk query: 'TNI viral Ngawi'
[+] Ditemukan 1 berita untuk query: 'TNI viral Ngawi'
[*] Mencari berita untuk query: 'TNI viral Pacitan'
[*] Mencari berita untuk query: 'TNI viral Pamekasan'
[*] Mencari berita untuk query: 'TNI viral Pasuruan'
[+] Ditemukan 1 berita untuk query: 'TNI viral Pasuruan'
[*] Mencari berita untuk query: 'TNI viral Ponorogo'
[+] Ditemukan 1 berita untuk query: 'TNI viral Ponorogo'
[*] Mencari berita untuk query: 'TNI viral Probolinggo'
[*] Mencari berita untuk query: 'TNI viral Sampang'
[+] Ditemukan 1 berita untuk query: 'TNI viral Sampang'
[*] Mencari berita untuk query: 'TNI viral Sidoarjo'
[+] Ditemukan 2 berita untuk query: 'TNI viral Sidoarjo'
[*] Mencari berita untuk query: 'TNI viral Situbondo'
[+] Ditemukan 3 berita untuk query: 'TNI viral Situbondo'
[*] Mencari berita untuk query: 'TNI viral Sumenep'
[*] Mencari berita untuk query: 'TNI viral Trenggalek'
[+] Ditemukan 2 berita untuk query: 'TNI viral Trenggalek'
[*] Mencari berita untuk query: 'TNI viral Tuban'
[+] Ditemukan 1 berita untuk query: 'TNI viral Tuban'
[*] Mencari berita untuk query: 'TNI viral Tulungagung'
[+] Ditemukan 1 berita untuk query: 'TNI viral Tulungagung'
[*] Mencari berita untuk query: 'TNI viral Batu'
[+] Ditemukan 3 berita untuk query: 'TNI viral Batu'
[*] Mencari berita untuk query: 'TNI viral Surabaya'
[+] Ditemukan 4 berita untuk query: 'TNI viral Surabaya'
[*] Mencari berita untuk query: 'TNI viral Jawa Timur'
[+] Ditemukan 11 berita untuk query: 'TNI viral Jawa Timur'
[*] Mencari berita untuk query: 'fiktif Bangkalan'
[+] Ditemukan 1 berita untuk query: 'fiktif Bangkalan'
[*] Mencari berita untuk query: 'fiktif Banyuwangi'
[*] Mencari berita untuk query: 'fiktif Blitar'
[*] Mencari berita untuk query: 'fiktif Bojonegoro'
[+] Ditemukan 1 berita untuk query: 'fiktif Bojonegoro'
[*] Mencari berita untuk query: 'fiktif Bondowoso'
[+] Ditemukan 2 berita untuk query: 'fiktif Bondowoso'
[*] Mencari berita untuk query: 'fiktif Gresik'
[+] Ditemukan 6 berita untuk query: 'fiktif Gresik'
[*] Mencari berita untuk query: 'fiktif Jember'
[+] Ditemukan 1 berita untuk query: 'fiktif Jember'
[*] Mencari berita untuk query: 'fiktif Jombang'
[+] Ditemukan 17 berita untuk query: 'fiktif Jombang'
[-] Terfilter (Aman/Positif): 'Penyaluran KUR BRI BO Jombang ...' -> Dibuang.
[*] Mencari berita untuk query: 'fiktif Kediri'
[*] Mencari berita untuk query: 'fiktif Lamongan'
[*] Mencari berita untuk query: 'fiktif Lumajang'
[*] Mencari berita untuk query: 'fiktif Madiun'
[*] Mencari berita untuk query: 'fiktif Magetan'
[*] Mencari berita untuk query: 'fiktif Malang'
[+] Ditemukan 6 berita untuk query: 'fiktif Malang'
[*] Mencari berita untuk query: 'fiktif Mojokerto'
[*] Mencari berita untuk query: 'fiktif Nganjuk'
[+] Ditemukan 1 berita untuk query: 'fiktif Nganjuk'
[*] Mencari berita untuk query: 'fiktif Ngawi'
[*] Mencari berita untuk query: 'fiktif Pacitan'
[+] Ditemukan 1 berita untuk query: 'fiktif Pacitan'
[*] Mencari berita untuk query: 'fiktif Pamekasan'
[*] Mencari berita untuk query: 'fiktif Pasuruan'
[+] Ditemukan 4 berita untuk query: 'fiktif Pasuruan'
[*] Mencari berita untuk query: 'fiktif Ponorogo'
[+] Ditemukan 1 berita untuk query: 'fiktif Ponorogo'
[*] Mencari berita untuk query: 'fiktif Probolinggo'
[*] Mencari berita untuk query: 'fiktif Sampang'
[+] Ditemukan 1 berita untuk query: 'fiktif Sampang'
[*] Mencari berita untuk query: 'fiktif Sidoarjo'
[+] Ditemukan 1 berita untuk query: 'fiktif Sidoarjo'
[*] Mencari berita untuk query: 'fiktif Situbondo'
[+] Ditemukan 1 berita untuk query: 'fiktif Situbondo'
[*] Mencari berita untuk query: 'fiktif Sumenep'
[*] Mencari berita untuk query: 'fiktif Trenggalek'
[+] Ditemukan 1 berita untuk query: 'fiktif Trenggalek'
[*] Mencari berita untuk query: 'fiktif Tuban'
[*] Mencari berita untuk query: 'fiktif Tulungagung'
[*] Mencari berita untuk query: 'fiktif Batu'
[+] Ditemukan 4 berita untuk query: 'fiktif Batu'
[*] Mencari berita untuk query: 'fiktif Surabaya'
[+] Ditemukan 10 berita untuk query: 'fiktif Surabaya'
[*] Mencari berita untuk query: 'fiktif Jawa Timur'
[+] Ditemukan 6 berita untuk query: 'fiktif Jawa Timur'
[*] Mencari berita untuk query: 'modus Bangkalan'
[+] Ditemukan 2 berita untuk query: 'modus Bangkalan'
[*] Mencari berita untuk query: 'modus Banyuwangi'
[+] Ditemukan 1 berita untuk query: 'modus Banyuwangi'
[*] Mencari berita untuk query: 'modus Blitar'
[+] Ditemukan 9 berita untuk query: 'modus Blitar'
[*] Mencari berita untuk query: 'modus Bojonegoro'
[+] Ditemukan 3 berita untuk query: 'modus Bojonegoro'
[*] Crawled & Lolos Filter: 'Petugas Radar Kediri Gadungan ...' -> Masuk Antrean (Sisa: 1)
[*] Mencari berita untuk query: 'modus Bondowoso'
[Worker-1] Memproses artikel dari antrean: Petugas Radar Kediri Gadungan Berkeliara...
[*] Memproses artikel: Petugas Radar Kediri Gadungan Berkeliaran - Radar ...
[+] Ditemukan 2 berita untuk query: 'modus Bondowoso'
[*] Mencari berita untuk query: 'modus Gresik'
[+] Ditemukan 38 berita untuk query: 'modus Gresik'
[*] Crawled & Lolos Filter: 'Kapolres Gresik Minta Korban P...' -> Masuk Antrean (Sisa: 1)
[*] Crawled & Lolos Filter: 'Fakta SK ASN Palsu di Gresik: ...' -> Masuk Antrean (Sisa: 2)
[*] Crawled & Lolos Filter: 'Update Dugaan Penipuan Rekrutm...' -> Masuk Antrean (Sisa: 3)
[*] Crawled & Lolos Filter: 'HEBOH! Penipuan CPNS dan PPPK ...' -> Masuk Antrean (Sisa: 4)
[*] Mencari berita untuk query: 'modus Jember'
[+] Ditemukan 6 berita untuk query: 'modus Jember'
[*] Mencari berita untuk query: 'modus Jombang'
[+] Ditemukan 5 berita untuk query: 'modus Jombang'
[*] Mencari berita untuk query: 'modus Kediri'
[!] Decoder Gagal/Limit (429). Menjalankan Lapis 4: Resilient Search...
[+] Ditemukan 4 berita untuk query: 'modus Kediri'
[*] Mencari berita untuk query: 'modus Lamongan'
[+] Ditemukan 4 berita untuk query: 'modus Lamongan'
[*] Mencari berita untuk query: 'modus Lumajang'
[+] Ditemukan 1 berita untuk query: 'modus Lumajang'
[*] Mencari berita untuk query: 'modus Madiun'
[+] Ditemukan 7 berita untuk query: 'modus Madiun'
[*] Mencari berita untuk query: 'modus Magetan'
[+] Ditemukan 1 berita untuk query: 'modus Magetan'
[*] Mencari berita untuk query: 'modus Malang'
[+] Ditemukan 43 berita untuk query: 'modus Malang'
[*] Crawled & Lolos Filter: 'Perempuan di Malang Tertipu Ni...' -> Masuk Antrean (Sisa: 5)
[*] Crawled & Lolos Filter: 'Kasus Nikah Sesama Wanita di M...' -> Masuk Antrean (Sisa: 6)
[*] Crawled & Lolos Filter: 'Disebut Palsukan Identitas, Re...' -> Masuk Antrean (Sisa: 7)
[-] Terfilter (Aman/Positif): 'Beda Pengakuan Rey soal Nikah ...' -> Dibuang.
[-] Terfilter (Aman/Positif): 'Pernikahan Sesama Jenis di Mal...' -> Dibuang.
[*] Mencari berita untuk query: 'modus Mojokerto'
[+] Ditemukan 14 berita untuk query: 'modus Mojokerto'
[*] Mencari berita untuk query: 'modus Nganjuk'04/10/2026 09:33:07 AM - HTTP Request: POST https://api.groq.com/openai/v1/chat/completions "HTTP/1.1 200 OK"
04/10/2026 09:33:51 AM - HTTP Request: POST https://api.groq.com/openai/v1/chat/completions "HTTP/1.1 200 OK"

[+] Ditemukan 3 berita untuk query: 'modus Nganjuk'
[*] Mencari berita untuk query: 'modus Ngawi'
[+] Ditemukan 2 berita untuk query: 'modus Ngawi'
[*] Mencari berita untuk query: 'modus Pacitan'
[+] Ditemukan 1 berita untuk query: 'modus Pacitan'
[*] Mencari berita untuk query: 'modus Pamekasan'
[!] Peringatan: Gagal mengekstrak teks asli, fallback ke metode deskripsi pintar (GNews fallback).
[+] Ditemukan 6 berita untuk query: 'modus Pamekasan'
[*] Mencari berita untuk query: 'modus Pasuruan'
[+] Ditemukan 5 berita untuk query: 'modus Pasuruan'
[*] Mencari berita untuk query: 'modus Ponorogo'
[+] Ditemukan 7 berita untuk query: 'modus Ponorogo'
[*] Mencari berita untuk query: 'modus Probolinggo'
[+] Ditemukan 1 berita untuk query: 'modus Probolinggo'
[*] Mencari berita untuk query: 'modus Sampang'
[+] Ditemukan 3 berita untuk query: 'modus Sampang'
[*] Melakukan AI Profiling terhadap: Petugas Radar Kediri Gadungan Berkeliaran - Radar Kediri
[*] Mencari berita untuk query: 'modus Sidoarjo'
[*] Menggunakan model: llama-3.3-70b-versatile (Percobaan 1)
[!] Ditemukan BERITA ANCAMAN: Petugas Radar Kediri Gadungan Berkeliaran - Radar Kediri
[*] Mencari berita untuk query: 'modus Situbondo'
[+] Ditemukan 1 berita untuk query: 'modus Situbondo'
[*] Mencari berita untuk query: 'modus Sumenep'
[+] Berhasil mengirim peringatan ke Telegram untuk: Petugas Radar Kediri Gadungan Berkeliaran - Radar Kediri
[+] Ditemukan 7 berita untuk query: 'modus Sumenep'
[*] Mencari berita untuk query: 'modus Trenggalek'
[+] Ditemukan 1 berita untuk query: 'modus Trenggalek'
[*] Mencari berita untuk query: 'modus Tuban'
[+] Ditemukan 3 berita untuk query: 'modus Tuban'
[*] Mencari berita untuk query: 'modus Tulungagung'
[*] Mencari berita untuk query: 'modus Batu'
[+] Ditemukan 17 berita untuk query: 'modus Batu'
[*] Crawled & Lolos Filter: 'Waspada Gas LPG Oplosan! Pelak...' -> Masuk Antrean (Sisa: 8)
[*] Mencari berita untuk query: 'modus Surabaya'
[+] Ditemukan 21 berita untuk query: 'modus Surabaya'
[*] Mencari berita untuk query: 'modus Jawa Timur'
[+] Ditemukan 45 berita untuk query: 'modus Jawa Timur'
[-] Terfilter (Aman/Positif): 'Polisi Ungkap Modus Pelaku Spe...' -> Dibuang.
[-] Terfilter (Aman/Positif): 'Polisi Ungkap Modus Jambret di...' -> Dibuang.
[-] Terfilter (Aman/Positif): 'Pernikahan Sesama Jenis di Mal...' -> Dibuang.
[*] Mencari berita untuk query: 'tentara nasional indonesia Bangkalan'
[*] Mencari berita untuk query: 'tentara nasional indonesia Banyuwangi'
[Worker-1] Memproses artikel dari antrean: Kapolres Gresik Minta Korban Prank PNS d...
[*] Memproses artikel: Kapolres Gresik Minta Korban Prank PNS dan PPPK Pa...
[+] Ditemukan 5 berita untuk query: 'tentara nasional indonesia Banyuwangi'
[*] Mencari berita untuk query: 'tentara nasional indonesia Blitar'
[+] Ditemukan 1 berita untuk query: 'tentara nasional indonesia Blitar'
[*] Mencari berita untuk query: 'tentara nasional indonesia Bojonegoro'
[+] Ditemukan 1 berita untuk query: 'tentara nasional indonesia Bojonegoro'
[*] Mencari berita untuk query: 'tentara nasional indonesia Bondowoso'
[*] Mencari berita untuk query: 'tentara nasional indonesia Gresik'
[+] Ditemukan 1 berita untuk query: 'tentara nasional indonesia Gresik'
[*] Mencari berita untuk query: 'tentara nasional indonesia Jember'
[*] Mencari berita untuk query: 'tentara nasional indonesia Jombang'
[+] Ditemukan 1 berita untuk query: 'tentara nasional indonesia Jombang'
[*] Mencari berita untuk query: 'tentara nasional indonesia Kediri'
[+] Ditemukan 2 berita untuk query: 'tentara nasional indonesia Kediri'
[*] Mencari berita untuk query: 'tentara nasional indonesia Lamongan'
[+] Ditemukan 1 berita untuk query: 'tentara nasional indonesia Lamongan'
[*] Mencari berita untuk query: 'tentara nasional indonesia Lumajang'
[+] Ditemukan 1 berita untuk query: 'tentara nasional indonesia Lumajang'
[*] Mencari berita untuk query: 'tentara nasional indonesia Madiun'
[+] Ditemukan 3 berita untuk query: 'tentara nasional indonesia Madiun'
[*] Mencari berita untuk query: 'tentara nasional indonesia Magetan'
[*] Mencari berita untuk query: 'tentara nasional indonesia Malang'
[+] Ditemukan 6 berita untuk query: 'tentara nasional indonesia Malang'
[-] Terfilter (Aman/Positif): 'Perum Jasa Tirta I Kembali Buk...' -> Dibuang.
[*] Mencari berita untuk query: 'tentara nasional indonesia Mojokerto'
[+] Ditemukan 2 berita untuk query: 'tentara nasional indonesia Mojokerto'
[*] Mencari berita untuk query: 'tentara nasional indonesia Nganjuk'
[*] Mencari berita untuk query: 'tentara nasional indonesia Ngawi'
[+] Ditemukan 1 berita untuk query: 'tentara nasional indonesia Ngawi'
[*] Mencari berita untuk query: 'tentara nasional indonesia Pacitan'
[*] Mencari berita untuk query: 'tentara nasional indonesia Pamekasan'
[+] Ditemukan 3 berita untuk query: 'tentara nasional indonesia Pamekasan'
[-] Terfilter (Aman/Positif): 'PBB Sebut Kematian Prajurit TN...' -> Dibuang.
[*] Mencari berita untuk query: 'tentara nasional indonesia Pasuruan'
[!] Decoder Gagal/Limit (429). Menjalankan Lapis 4: Resilient Search...
[+] Ditemukan 8 berita untuk query: 'tentara nasional indonesia Pasuruan'
[*] Mencari berita untuk query: 'tentara nasional indonesia Ponorogo'
[+] Ditemukan 1 berita untuk query: 'tentara nasional indonesia Ponorogo'
[*] Mencari berita untuk query: 'tentara nasional indonesia Probolinggo'
[+] Ditemukan 1 berita untuk query: 'tentara nasional indonesia Probolinggo'
[*] Mencari berita untuk query: 'tentara nasional indonesia Sampang'
[*] Mencari berita untuk query: 'tentara nasional indonesia Sidoarjo'
[+] Ditemukan 2 berita untuk query: 'tentara nasional indonesia Sidoarjo'
[*] Mencari berita untuk query: 'tentara nasional indonesia Situbondo'
[+] Berhasil merenggut URL Asli dari Search Engine: https://klikjatim.com/news-46281-kapolres-gresik-minta-korban-prank-pns-dan-pppk-palsu-pemkab-gresik-lapor-ke-polisi
[+] Berhasil mendapatkan Tautan Asli: https://klikjatim.com/news-46281-kapolres-gresik-minta-korban-prank-pns-dan-pppk-palsu-pemkab-gresik-lapor-ke-polisi
[+] Ditemukan 2 berita untuk query: 'tentara nasional indonesia Situbondo'
[*] Mencari berita untuk query: 'tentara nasional indonesia Sumenep'
[*] Mencari berita untuk query: 'tentara nasional indonesia Trenggalek'
[+] Ditemukan 1 berita untuk query: 'tentara nasional indonesia Trenggalek'
[*] Mencari berita untuk query: 'tentara nasional indonesia Tuban'
[*] Mencari berita untuk query: 'tentara nasional indonesia Tulungagung'
[+] Ditemukan 1 berita untuk query: 'tentara nasional indonesia Tulungagung'
[*] Mencari berita untuk query: 'tentara nasional indonesia Batu'
[+] Ditemukan 5 berita untuk query: 'tentara nasional indonesia Batu'
[*] Mencari berita untuk query: 'tentara nasional indonesia Surabaya'
[+] Ditemukan 17 berita untuk query: 'tentara nasional indonesia Surabaya'
[*] Mencari berita untuk query: 'tentara nasional indonesia Jawa Timur'
[*] Melakukan AI Profiling terhadap: Kapolres Gresik Minta Korban Prank PNS dan PPPK Palsu Pemkab Gresik Lapor ke Polisi
[*] Menggunakan model: llama-3.3-70b-versatile (Percobaan 1)
[!] Ditemukan BERITA ANCAMAN: Kapolres Gresik Minta Korban Prank PNS dan PPPK Palsu Pemkab Gresik Lapor ke Polisi
[+] Berhasil mengirim peringatan ke Telegram untuk: Kapolres Gresik Minta Korban Prank PNS dan PPPK Palsu Pemkab Gresik Lapor ke Polisi
[+] Ditemukan 20 berita untuk query: 'tentara nasional indonesia Jawa Timur'
[*] Mencari berita untuk query: 'mbg Bangkalan'
[+] Ditemukan 27 berita untuk query: 'mbg Bangkalan'
[-] Terfilter (Aman/Positif): 'Alun-alun Trunojoyo Sampang Ja...' -> Dibuang.
[-] Terfilter (Aman/Positif): 'Maut Nyaris Menjemput: Aksi He...' -> Dibuang.
[-] Terfilter (Aman/Positif): 'Kamu Pecinta Mie Ayam? Cobain ...' -> Dibuang.
[-] Terfilter (Aman/Positif): 'Satgas MBG Tulungagung optimal...' -> Dibuang.
[*] Mencari berita untuk query: 'mbg Banyuwangi'
[+] Ditemukan 14 berita untuk query: 'mbg Banyuwangi'
[-] Terfilter (Aman/Positif): 'Usai Viral Motor Trail-Listrik...' -> Dibuang.
[*] Mencari berita untuk query: 'mbg Blitar'
[+] Ditemukan 3 berita untuk query: 'mbg Blitar'
[*] Mencari berita untuk query: 'mbg Bojonegoro'
[+] Ditemukan 13 berita untuk query: 'mbg Bojonegoro'04/10/2026 09:34:32 AM - Certificate did not match expected hostname: duckduckgo.com. Certificate: {'subject': ((('countryName', 'ID'),), (('localityName', 'Jakarta Selatan'),), (('organizationName', 'PT Telekomunikasi Selular'),), (('commonName', 'internetbaik.telkomsel.com'),)), 'issuer': ((('countryName', 'US'),), (('organizationName', 'DigiCert Inc'),), (('commonName', 'DigiCert Global G2 TLS RSA SHA256 2020 CA1'),)), 'version': 3, 'serialNumber': '046114EEB9F134291B2B43A6A2E88779', 'notBefore': 'Aug 26 00:00:00 2025 GMT', 'notAfter': 'Aug 25 23:59:59 2026 GMT', 'subjectAltName': (('DNS', 'internetbaik.telkomsel.com'), ('DNS', 'internettepat.telkomsel.com')), 'OCSP': ('http://ocsp.digicert.com',), 'caIssuers': ('http://cacerts.digicert.com/DigiCertGlobalG2TLSRSASHA2562020CA1-1.crt',), 'crlDistributionPoints': ('http://crl3.digicert.com/DigiCertGlobalG2TLSRSASHA2562020CA1-1.crl', 'http://crl4.digicert.com/DigiCertGlobalG2TLSRSASHA2562020CA1-1.crl')}
04/10/2026 09:34:41 AM - Certificate did not match expected hostname: duckduckgo.com. Certificate: {'subject': ((('countryName', 'ID'),), (('localityName', 'Jakarta Selatan'),), (('organizationName', 'PT Telekomunikasi Selular'),), (('commonName', 'internetbaik.telkomsel.com'),)), 'issuer': ((('countryName', 'US'),), (('organizationName', 'DigiCert Inc'),), (('commonName', 'DigiCert Global G2 TLS RSA SHA256 2020 CA1'),)), 'version': 3, 'serialNumber': '046114EEB9F134291B2B43A6A2E88779', 'notBefore': 'Aug 26 00:00:00 2025 GMT', 'notAfter': 'Aug 25 23:59:59 2026 GMT', 'subjectAltName': (('DNS', 'internetbaik.telkomsel.com'), ('DNS', 'internettepat.telkomsel.com')), 'OCSP': ('http://ocsp.digicert.com',), 'caIssuers': ('http://cacerts.digicert.com/DigiCertGlobalG2TLSRSASHA2562020CA1-1.crt',), 'crlDistributionPoints': ('http://crl3.digicert.com/DigiCertGlobalG2TLSRSASHA2562020CA1-1.crl', 'http://crl4.digicert.com/DigiCertGlobalG2TLSRSASHA2562020CA1-1.crl')}
04/10/2026 09:34:51 AM - HTTP Request: POST https://api.groq.com/openai/v1/chat/completions "HTTP/1.1 200 OK"
04/10/2026 09:35:33 AM - Certificate did not match expected hostname: duckduckgo.com. Certificate: {'subject': ((('countryName', 'ID'),), (('localityName', 'Jakarta Selatan'),), (('organizationName', 'PT Telekomunikasi Selular'),), (('commonName', 'internetbaik.telkomsel.com'),)), 'issuer': ((('countryName', 'US'),), (('organizationName', 'DigiCert Inc'),), (('commonName', 'DigiCert Global G2 TLS RSA SHA256 2020 CA1'),)), 'version': 3, 'serialNumber': '046114EEB9F134291B2B43A6A2E88779', 'notBefore': 'Aug 26 00:00:00 2025 GMT', 'notAfter': 'Aug 25 23:59:59 2026 GMT', 'subjectAltName': (('DNS', 'internetbaik.telkomsel.com'), ('DNS', 'internettepat.telkomsel.com')), 'OCSP': ('http://ocsp.digicert.com',), 'caIssuers': ('http://cacerts.digicert.com/DigiCertGlobalG2TLSRSASHA2562020CA1-1.crt',), 'crlDistributionPoints': ('http://crl3.digicert.com/DigiCertGlobalG2TLSRSASHA2562020CA1-1.crl', 'http://crl4.digicert.com/DigiCertGlobalG2TLSRSASHA2562020CA1-1.crl')}
04/10/2026 09:35:43 AM - Certificate did not match expected hostname: duckduckgo.com. Certificate: {'subject': ((('countryName', 'ID'),), (('localityName', 'Jakarta Selatan'),), (('organizationName', 'PT Telekomunikasi Selular'),), (('commonName', 'internetbaik.telkomsel.com'),)), 'issuer': ((('countryName', 'US'),), (('organizationName', 'DigiCert Inc'),), (('commonName', 'DigiCert Global G2 TLS RSA SHA256 2020 CA1'),)), 'version': 3, 'serialNumber': '046114EEB9F134291B2B43A6A2E88779', 'notBefore': 'Aug 26 00:00:00 2025 GMT', 'notAfter': 'Aug 25 23:59:59 2026 GMT', 'subjectAltName': (('DNS', 'internetbaik.telkomsel.com'), ('DNS', 'internettepat.telkomsel.com')), 'OCSP': ('http://ocsp.digicert.com',), 'caIssuers': ('http://cacerts.digicert.com/DigiCertGlobalG2TLSRSASHA2562020CA1-1.crt',), 'crlDistributionPoints': ('http://crl3.digicert.com/DigiCertGlobalG2TLSRSASHA2562020CA1-1.crl', 'http://crl4.digicert.com/DigiCertGlobalG2TLSRSASHA2562020CA1-1.crl')}
04/10/2026 09:35:53 AM - HTTP Request: POST https://api.groq.com/openai/v1/chat/completions "HTTP/1.1 200 OK"

[-] Terfilter (Aman/Positif): 'Dinkes Temukan 30 Suspek Campa...' -> Dibuang.
[-] Terfilter (Aman/Positif): 'Komisi D DPRD Bojonegoro Perin...' -> Dibuang.
[*] Mencari berita untuk query: 'mbg Bondowoso'
[+] Ditemukan 4 berita untuk query: 'mbg Bondowoso'
[*] Mencari berita untuk query: 'mbg Gresik'
[+] Ditemukan 26 berita untuk query: 'mbg Gresik'
[-] Terfilter (Aman/Positif): 'PLN Nusantara Power Buktikan P...' -> Dibuang.
[*] Mencari berita untuk query: 'mbg Jember'
[Worker-1] Memproses artikel dari antrean: Fakta SK ASN Palsu di Gresik: Terungkap ...
[*] Memproses artikel: Fakta SK ASN Palsu di Gresik: Terungkap 9 Korban, ...
[+] Ditemukan 16 berita untuk query: 'mbg Jember'
[*] Mencari berita untuk query: 'mbg Jombang'
[+] Ditemukan 7 berita untuk query: 'mbg Jombang'
[-] Terfilter (Aman/Positif): 'Wali Kota Robinsar Resmikan 3 ...' -> Dibuang.
[*] Mencari berita untuk query: 'mbg Kediri'
[+] Ditemukan 24 berita untuk query: 'mbg Kediri'
[*] Mencari berita untuk query: 'mbg Lamongan'
[+] Ditemukan 14 berita untuk query: 'mbg Lamongan'
[*] Mencari berita untuk query: 'mbg Lumajang'
[!] Decoder Gagal/Limit (429). Menjalankan Lapis 4: Resilient Search...
[+] Ditemukan 18 berita untuk query: 'mbg Lumajang'
[*] Mencari berita untuk query: 'mbg Madiun'
[+] Ditemukan 19 berita untuk query: 'mbg Madiun'
[-] Terfilter (Aman/Positif): 'Ada Perempuan Akan Bunuh Diri ...' -> Dibuang.
[-] Terfilter (Aman/Positif): 'Cerita Warga usai Viral Wanita...' -> Dibuang.
[-] Terfilter (Aman/Positif): 'Demi Akses Internet Lancar, Vi...' -> Dibuang.
[*] Mencari berita untuk query: 'mbg Magetan'
[+] Ditemukan 3 berita untuk query: 'mbg Magetan'
[*] Mencari berita untuk query: 'mbg Malang'
[+] Ditemukan 43 berita untuk query: 'mbg Malang'
[*] Mencari berita untuk query: 'mbg Mojokerto'
[+] Ditemukan 7 berita untuk query: 'mbg Mojokerto'
[*] Mencari berita untuk query: 'mbg Nganjuk'
[+] Ditemukan 6 berita untuk query: 'mbg Nganjuk'
[*] Mencari berita untuk query: 'mbg Ngawi'
[+] Ditemukan 14 berita untuk query: 'mbg Ngawi'
[*] Mencari berita untuk query: 'mbg Pacitan'
[+] Ditemukan 2 berita untuk query: 'mbg Pacitan'
[*] Mencari berita untuk query: 'mbg Pamekasan'
[+] Ditemukan 21 berita untuk query: 'mbg Pamekasan'
[*] Mencari berita untuk query: 'mbg Pasuruan'
[!] Peringatan: Gagal mengekstrak teks asli, fallback ke metode deskripsi pintar (GNews fallback).
[+] Ditemukan 11 berita untuk query: 'mbg Pasuruan'
[*] Mencari berita untuk query: 'mbg Ponorogo'
[+] Ditemukan 18 berita untuk query: 'mbg Ponorogo'
[*] Melakukan AI Profiling terhadap: Fakta SK ASN Palsu di Gresik: Terungkap 9 Korban, Bayar hingga Rp 150 Juta, BKPSDM Dalami - Kompas.com
[*] Menggunakan model: llama-3.3-70b-versatile (Percobaan 1)
[-] Terfilter (Aman/Positif): 'Siti Robiah, Jemaah Haji Tertu...' -> Dibuang.
[-] Terfilter (Aman/Positif): 'Omoo, Ji Chang Wook Bangun Sek...' -> Dibuang.
[-] Terfilter (Aman/Positif): 'Bansos 2026 di Majalengka Kian...' -> Dibuang.
[!] Ditemukan BERITA ANCAMAN: Fakta SK ASN Palsu di Gresik: Terungkap 9 Korban, Bayar hingga Rp 150 Juta, BKPSDM Dalami - Kompas.com
[-] Terfilter (Aman/Positif): 'Tekan Pengangguran, Disnaker K...' -> Dibuang.
[*] Crawled & Lolos Filter: 'Penerapan Parkir Non-Tunai, Ju...' -> Masuk Antrean (Sisa: 7)
[-] Terfilter (Aman/Positif): 'Mendukbangga Wihaji: Keluarga ...' -> Dibuang.
[*] Crawled & Lolos Filter: 'Polemik SK PNS Palsu Jadi Soro...' -> Masuk Antrean (Sisa: 8)
[-] Terfilter (Aman/Positif): 'Pemkab Raja Ampat Gelontorkan ...' -> Dibuang.
[+] Berhasil mengirim peringatan ke Telegram untuk: Fakta SK ASN Palsu di Gresik: Terungkap 9 Korban, Bayar hingga Rp 150 Juta, BKPSDM Dalami - Kompas.com
[-] Terfilter (Aman/Positif): 'Rekomendasi Drakor Tinju yang ...' -> Dibuang.
[-] Terfilter (Aman/Positif): 'Iran Batalkan Rencana Negosias...' -> Dibuang.
[-] Terfilter (Aman/Positif): 'Transformasi Kampung Lampion K...' -> Dibuang.
[*] Mencari berita untuk query: 'mbg Probolinggo'
[+] Ditemukan 14 berita untuk query: 'mbg Probolinggo'
[*] Mencari berita untuk query: 'mbg Sampang'
[+] Ditemukan 18 berita untuk query: 'mbg Sampang'
[*] Mencari berita untuk query: 'mbg Sidoarjo'
[+] Ditemukan 17 berita untuk query: 'mbg Sidoarjo'
[-] Terfilter (Aman/Positif): 'Hearing MBLB - NewsPatroli...' -> Dibuang.
[*] Mencari berita untuk query: 'mbg Situbondo'
[+] Ditemukan 8 berita untuk query: 'mbg Situbondo'
[*] Mencari berita untuk query: 'mbg Sumenep'
[+] Ditemukan 44 berita untuk query: 'mbg Sumenep'
[-] Terfilter (Aman/Positif): 'Legislatif Soroti Ketidakpatuh...' -> Dibuang.
[-] Terfilter (Aman/Positif): 'Bupati Fauzi Komitmen Dukung K...' -> Dibuang.
[-] Terfilter (Aman/Positif): 'Usai Viral Motor Trail-Listrik...' -> Dibuang.
[*] Mencari berita untuk query: 'mbg Trenggalek'
[Worker-1] Memproses artikel dari antrean: Update Dugaan Penipuan Rekrutmen PNS di ...
[*] Memproses artikel: Update Dugaan Penipuan Rekrutmen PNS di Gresik, Po...
[+] Ditemukan 5 berita untuk query: 'mbg Trenggalek'
[-] Terfilter (Aman/Positif): 'Lowongan Calon Panwaslu KPU Tr...' -> Dibuang.
[*] Mencari berita untuk query: 'mbg Tuban'
[+] Ditemukan 18 berita untuk query: 'mbg Tuban'
[*] Mencari berita untuk query: 'mbg Tulungagung'
[+] Ditemukan 23 berita untuk query: 'mbg Tulungagung'
[-] Terfilter (Aman/Positif): 'Bupati Tulungagung Salurkan Ba...' -> Dibuang.
[-] Terfilter (Aman/Positif): 'Pemkab Tulungagung anggarkan R...' -> Dibuang.
[!] Decoder Gagal/Limit (429). Menjalankan Lapis 4: Resilient Search...
[*] Crawled & Lolos Filter: 'Polisi Tangkap Pelaku Tabrak L...' -> Masuk Antrean (Sisa: 8)
[*] Mencari berita untuk query: 'mbg Batu'
[+] Ditemukan 40 berita untuk query: 'mbg Batu'
[*] Crawled & Lolos Filter: 'Dapur MBG Disusupi Elit? JWI S...' -> Masuk Antrean (Sisa: 9)
[*] Mencari berita untuk query: 'mbg Surabaya'
[+] Ditemukan 40 berita untuk query: 'mbg Surabaya'
[-] Terfilter (Aman/Positif): 'Sidak ke Bandung Barat, Waka B...' -> Dibuang.
[*] Mencari berita untuk query: 'mbg Jawa Timur'
[+] Ditemukan 38 berita untuk query: 'mbg Jawa Timur'
[*] Mencari berita untuk query: 'makan bergizi gratis Bangkalan'
[+] Ditemukan 8 berita untuk query: 'makan bergizi gratis Bangkalan'
[*] Mencari berita untuk query: 'makan bergizi gratis Banyuwangi'
[+] Ditemukan 15 berita untuk query: 'makan bergizi gratis Banyuwangi'
[*] Mencari berita untuk query: 'makan bergizi gratis Blitar'
[!] Peringatan: Gagal mengekstrak teks asli, fallback ke metode deskripsi pintar (GNews fallback).
[+] Ditemukan 7 berita untuk query: 'makan bergizi gratis Blitar'
[*] Mencari berita untuk query: 'makan bergizi gratis Bojonegoro'
[+] Ditemukan 5 berita untuk query: 'makan bergizi gratis Bojonegoro'
[-] Terfilter (Aman/Positif): 'Disdagkop UM Pemkab Bojonegoro...' -> Dibuang.
[*] Mencari berita untuk query: 'makan bergizi gratis Bondowoso'
[+] Ditemukan 8 berita untuk query: 'makan bergizi gratis Bondowoso'
[*] Mencari berita untuk query: 'makan bergizi gratis Gresik'
[*] Melakukan AI Profiling terhadap: Update Dugaan Penipuan Rekrutmen PNS di Gresik, Polisi Ungkap Ada Kerugian Material - Gresik Satu
[*] Menggunakan model: llama-3.3-70b-versatile (Percobaan 1)
[!] Ditemukan BERITA ANCAMAN: Update Dugaan Penipuan Rekrutmen PNS di Gresik, Polisi Ungkap Ada Kerugian Material - Gresik Satu
[+] Berhasil mengirim peringatan ke Telegram untuk: Update Dugaan Penipuan Rekrutmen PNS di Gresik, Polisi Ungkap Ada Kerugian Material - Gresik Satu
[+] Ditemukan 29 berita untuk query: 'makan bergizi gratis Gresik'
[-] Terfilter (Aman/Positif): 'Polemik Pengadaan Ribuan Motor...' -> Dibuang.
[-] Terfilter (Aman/Positif): '‎Lapas Cilacap Buka Kejar Pake...' -> Dibuang.
[*] Mencari berita untuk query: 'makan bergizi gratis Jember'
[+] Ditemukan 17 berita untuk query: 'makan bergizi gratis Jember'
[-] Terfilter (Aman/Positif): 'Dalam Rangka HBP ke-62, Lapas ...' -> Dibuang.
[*] Mencari berita untuk query: 'makan bergizi gratis Jombang'
[+] Ditemukan 8 berita untuk query: 'makan bergizi gratis Jombang'
[*] Mencari berita untuk query: 'makan bergizi gratis Kediri'
[+] Ditemukan 22 berita untuk query: 'makan bergizi gratis Kediri'
[-] Terfilter (Aman/Positif): 'Puluhan Siswa Cisayong Diduga ...' -> Dibuang.
[*] Mencari berita untuk query: 'makan bergizi gratis Lamongan'04/10/2026 09:36:34 AM - Certificate did not match expected hostname: duckduckgo.com. Certificate: {'subject': ((('countryName', 'ID'),), (('localityName', 'Jakarta Selatan'),), (('organizationName', 'PT Telekomunikasi Selular'),), (('commonName', 'internetbaik.telkomsel.com'),)), 'issuer': ((('countryName', 'US'),), (('organizationName', 'DigiCert Inc'),), (('commonName', 'DigiCert Global G2 TLS RSA SHA256 2020 CA1'),)), 'version': 3, 'serialNumber': '046114EEB9F134291B2B43A6A2E88779', 'notBefore': 'Aug 26 00:00:00 2025 GMT', 'notAfter': 'Aug 25 23:59:59 2026 GMT', 'subjectAltName': (('DNS', 'internetbaik.telkomsel.com'), ('DNS', 'internettepat.telkomsel.com')), 'OCSP': ('http://ocsp.digicert.com',), 'caIssuers': ('http://cacerts.digicert.com/DigiCertGlobalG2TLSRSASHA2562020CA1-1.crt',), 'crlDistributionPoints': ('http://crl3.digicert.com/DigiCertGlobalG2TLSRSASHA2562020CA1-1.crl', 'http://crl4.digicert.com/DigiCertGlobalG2TLSRSASHA2562020CA1-1.crl')}
04/10/2026 09:36:45 AM - Certificate did not match expected hostname: duckduckgo.com. Certificate: {'subject': ((('countryName', 'ID'),), (('localityName', 'Jakarta Selatan'),), (('organizationName', 'PT Telekomunikasi Selular'),), (('commonName', 'internetbaik.telkomsel.com'),)), 'issuer': ((('countryName', 'US'),), (('organizationName', 'DigiCert Inc'),), (('commonName', 'DigiCert Global G2 TLS RSA SHA256 2020 CA1'),)), 'version': 3, 'serialNumber': '046114EEB9F134291B2B43A6A2E88779', 'notBefore': 'Aug 26 00:00:00 2025 GMT', 'notAfter': 'Aug 25 23:59:59 2026 GMT', 'subjectAltName': (('DNS', 'internetbaik.telkomsel.com'), ('DNS', 'internettepat.telkomsel.com')), 'OCSP': ('http://ocsp.digicert.com',), 'caIssuers': ('http://cacerts.digicert.com/DigiCertGlobalG2TLSRSASHA2562020CA1-1.crt',), 'crlDistributionPoints': ('http://crl3.digicert.com/DigiCertGlobalG2TLSRSASHA2562020CA1-1.crl', 'http://crl4.digicert.com/DigiCertGlobalG2TLSRSASHA2562020CA1-1.crl')}
04/10/2026 09:36:52 AM - HTTP Request: POST https://api.groq.com/openai/v1/chat/completions "HTTP/1.1 200 OK"
04/10/2026 09:37:35 AM - Certificate did not match expected hostname: duckduckgo.com. Certificate: {'subject': ((('countryName', 'ID'),), (('localityName', 'Jakarta Selatan'),), (('organizationName', 'PT Telekomunikasi Selular'),), (('commonName', 'internetbaik.telkomsel.com'),)), 'issuer': ((('countryName', 'US'),), (('organizationName', 'DigiCert Inc'),), (('commonName', 'DigiCert Global G2 TLS RSA SHA256 2020 CA1'),)), 'version': 3, 'serialNumber': '046114EEB9F134291B2B43A6A2E88779', 'notBefore': 'Aug 26 00:00:00 2025 GMT', 'notAfter': 'Aug 25 23:59:59 2026 GMT', 'subjectAltName': (('DNS', 'internetbaik.telkomsel.com'), ('DNS', 'internettepat.telkomsel.com')), 'OCSP': ('http://ocsp.digicert.com',), 'caIssuers': ('http://cacerts.digicert.com/DigiCertGlobalG2TLSRSASHA2562020CA1-1.crt',), 'crlDistributionPoints': ('http://crl3.digicert.com/DigiCertGlobalG2TLSRSASHA2562020CA1-1.crl', 'http://crl4.digicert.com/DigiCertGlobalG2TLSRSASHA2562020CA1-1.crl')}
04/10/2026 09:37:45 AM - Certificate did not match expected hostname: duckduckgo.com. Certificate: {'subject': ((('countryName', 'ID'),), (('localityName', 'Jakarta Selatan'),), (('organizationName', 'PT Telekomunikasi Selular'),), (('commonName', 'internetbaik.telkomsel.com'),)), 'issuer': ((('countryName', 'US'),), (('organizationName', 'DigiCert Inc'),), (('commonName', 'DigiCert Global G2 TLS RSA SHA256 2020 CA1'),)), 'version': 3, 'serialNumber': '046114EEB9F134291B2B43A6A2E88779', 'notBefore': 'Aug 26 00:00:00 2025 GMT', 'notAfter': 'Aug 25 23:59:59 2026 GMT', 'subjectAltName': (('DNS', 'internetbaik.telkomsel.com'), ('DNS', 'internettepat.telkomsel.com')), 'OCSP': ('http://ocsp.digicert.com',), 'caIssuers': ('http://cacerts.digicert.com/DigiCertGlobalG2TLSRSASHA2562020CA1-1.crt',), 'crlDistributionPoints': ('http://crl3.digicert.com/DigiCertGlobalG2TLSRSASHA2562020CA1-1.crl', 'http://crl4.digicert.com/DigiCertGlobalG2TLSRSASHA2562020CA1-1.crl')}
04/10/2026 09:37:56 AM - HTTP Request: POST https://api.groq.com/openai/v1/chat/completions "HTTP/1.1 200 OK"

[+] Ditemukan 9 berita untuk query: 'makan bergizi gratis Lamongan'
[*] Mencari berita untuk query: 'makan bergizi gratis Lumajang'
[+] Ditemukan 10 berita untuk query: 'makan bergizi gratis Lumajang'
[*] Mencari berita untuk query: 'makan bergizi gratis Madiun'
[Worker-1] Memproses artikel dari antrean: HEBOH! Penipuan CPNS dan PPPK di Gresik ...
[*] Memproses artikel: HEBOH! Penipuan CPNS dan PPPK di Gresik Terbongkar...
[+] Ditemukan 11 berita untuk query: 'makan bergizi gratis Madiun'
[*] Mencari berita untuk query: 'makan bergizi gratis Magetan'
[+] Ditemukan 8 berita untuk query: 'makan bergizi gratis Magetan'
[*] Mencari berita untuk query: 'makan bergizi gratis Malang'
[+] Ditemukan 37 berita untuk query: 'makan bergizi gratis Malang'
[!] Decoder Gagal/Limit (429). Menjalankan Lapis 4: Resilient Search...
[-] Terfilter (Aman/Positif): 'GAPEMBI Jatim Resmi Dilantik, ...' -> Dibuang.
[-] Terfilter (Aman/Positif): 'Badan Gizi Nasional Pastikan K...' -> Dibuang.
[*] Mencari berita untuk query: 'makan bergizi gratis Mojokerto'
[+] Ditemukan 12 berita untuk query: 'makan bergizi gratis Mojokerto'
[*] Mencari berita untuk query: 'makan bergizi gratis Nganjuk'
[+] Ditemukan 10 berita untuk query: 'makan bergizi gratis Nganjuk'
[*] Mencari berita untuk query: 'makan bergizi gratis Ngawi'
[+] Ditemukan 8 berita untuk query: 'makan bergizi gratis Ngawi'
[*] Mencari berita untuk query: 'makan bergizi gratis Pacitan'
[+] Ditemukan 3 berita untuk query: 'makan bergizi gratis Pacitan'
[-] Terfilter (Aman/Positif): 'SPPG Ngasinan 2 Ubah Sisa Maka...' -> Dibuang.
[*] Mencari berita untuk query: 'makan bergizi gratis Pamekasan'
[+] Ditemukan 7 berita untuk query: 'makan bergizi gratis Pamekasan'
[*] Mencari berita untuk query: 'makan bergizi gratis Pasuruan'
[+] Ditemukan 9 berita untuk query: 'makan bergizi gratis Pasuruan'
[*] Mencari berita untuk query: 'makan bergizi gratis Ponorogo'
[+] Ditemukan 8 berita untuk query: 'makan bergizi gratis Ponorogo'
[*] Mencari berita untuk query: 'makan bergizi gratis Probolinggo'
[+] Ditemukan 6 berita untuk query: 'makan bergizi gratis Probolinggo'
[*] Mencari berita untuk query: 'makan bergizi gratis Sampang'
[+] Ditemukan 1 berita untuk query: 'makan bergizi gratis Sampang'
[*] Mencari berita untuk query: 'makan bergizi gratis Sidoarjo'
[+] Ditemukan 12 berita untuk query: 'makan bergizi gratis Sidoarjo'
[-] Terfilter (Aman/Positif): 'Usai Viral Motor Trail-Listrik...' -> Dibuang.
[*] Mencari berita untuk query: 'makan bergizi gratis Situbondo'
[+] Ditemukan 10 berita untuk query: 'makan bergizi gratis Situbondo'
[*] Mencari berita untuk query: 'makan bergizi gratis Sumenep'
[!] Peringatan: Gagal mengekstrak teks asli, fallback ke metode deskripsi pintar (GNews fallback).
[+] Ditemukan 23 berita untuk query: 'makan bergizi gratis Sumenep'
[*] Mencari berita untuk query: 'makan bergizi gratis Trenggalek'
[+] Ditemukan 7 berita untuk query: 'makan bergizi gratis Trenggalek'
[-] Terfilter (Aman/Positif): 'Awasi Kualitas MBG, Pemkab Tre...' -> Dibuang.
[*] Mencari berita untuk query: 'makan bergizi gratis Tuban'
[*] Melakukan AI Profiling terhadap: HEBOH! Penipuan CPNS dan PPPK di Gresik Terbongkar, Dijanjikan Lolos Tanpa Tes, Korban Rugi hingga Rp150 Juta - Pojok Satu - Pojoksatu.id
[*] Menggunakan model: llama-3.3-70b-versatile (Percobaan 1)
[!] Ditemukan BERITA ANCAMAN: HEBOH! Penipuan CPNS dan PPPK di Gresik Terbongkar, Dijanjikan Lolos Tanpa Tes, Korban Rugi hingga Rp150 Juta - Pojok Satu - Pojoksatu.id
[+] Berhasil mengirim peringatan ke Telegram untuk: HEBOH! Penipuan CPNS dan PPPK di Gresik Terbongkar, Dijanjikan Lolos Tanpa Tes, Korban Rugi hingga Rp150 Juta - Pojok Satu - Pojoksatu.id
[+] Ditemukan 9 berita untuk query: 'makan bergizi gratis Tuban'
[*] Mencari berita untuk query: 'makan bergizi gratis Tulungagung'
[+] Ditemukan 7 berita untuk query: 'makan bergizi gratis Tulungagung'
[*] Mencari berita untuk query: 'makan bergizi gratis Batu'
[+] Ditemukan 49 berita untuk query: 'makan bergizi gratis Batu'
[*] Mencari berita untuk query: 'makan bergizi gratis Surabaya'
[+] Ditemukan 45 berita untuk query: 'makan bergizi gratis Surabaya'
[*] Mencari berita untuk query: 'makan bergizi gratis Jawa Timur'
[Worker-1] Memproses artikel dari antrean: Perempuan di Malang Tertipu Nikah Siri S...
[*] Memproses artikel: Perempuan di Malang Tertipu Nikah Siri Sesama Jeni...
[+] Ditemukan 41 berita untuk query: 'makan bergizi gratis Jawa Timur'
[-] Terfilter (Aman/Positif): 'Motor Bergizi Gratis - Tempo.c...' -> Dibuang.
[*] Mencari berita untuk query: 'sppg Bangkalan'
[+] Ditemukan 7 berita untuk query: 'sppg Bangkalan'
[*] Mencari berita untuk query: 'sppg Banyuwangi'
[+] Ditemukan 11 berita untuk query: 'sppg Banyuwangi'
[*] Mencari berita untuk query: 'sppg Blitar'
[!] Decoder Gagal/Limit (429). Menjalankan Lapis 4: Resilient Search...
[+] Ditemukan 8 berita untuk query: 'sppg Blitar'
[*] Mencari berita untuk query: 'sppg Bojonegoro'
[+] Ditemukan 4 berita untuk query: 'sppg Bojonegoro'
[*] Mencari berita untuk query: 'sppg Bondowoso'
[+] Ditemukan 8 berita untuk query: 'sppg Bondowoso'
[*] Mencari berita untuk query: 'sppg Gresik'
[+] Ditemukan 23 berita untuk query: 'sppg Gresik'
[*] Mencari berita untuk query: 'sppg Jember'
[+] Ditemukan 29 berita untuk query: 'sppg Jember'
[-] Terfilter (Aman/Positif): '5 Fakta Mengejutkan Motor List...' -> Dibuang.
[*] Mencari berita untuk query: 'sppg Jombang'
[+] Ditemukan 4 berita untuk query: 'sppg Jombang'
[*] Mencari berita untuk query: 'sppg Kediri'
[!] Peringatan: Gagal mengekstrak teks asli, fallback ke metode deskripsi pintar (GNews fallback).
[+] Ditemukan 9 berita untuk query: 'sppg Kediri'
[*] Mencari berita untuk query: 'sppg Lamongan'
[+] Ditemukan 7 berita untuk query: 'sppg Lamongan'
[*] Mencari berita untuk query: 'sppg Lumajang'
[+] Ditemukan 12 berita untuk query: 'sppg Lumajang'
[*] Melakukan AI Profiling terhadap: Perempuan di Malang Tertipu Nikah Siri Sesama Jenis, Terbongkar Setelah Malam Pertama - Tribun Video
[*] Menggunakan model: llama-3.3-70b-versatile (Percobaan 1)
[-] Terfilter (Aman/Positif): 'Pengawasan SPPG di Lumajang Di...' -> Dibuang.
[-] Terfilter (Aman/Positif): 'Dari Desa ke Kabupaten, Lumaja...' -> Dibuang.
[*] Mencari berita untuk query: 'sppg Madiun'
[!] Ditemukan BERITA ANCAMAN: Perempuan di Malang Tertipu Nikah Siri Sesama Jenis, Terbongkar Setelah Malam Pertama - Tribun Video
[+] Berhasil mengirim peringatan ke Telegram untuk: Perempuan di Malang Tertipu Nikah Siri Sesama Jenis, Terbongkar Setelah Malam Pertama - Tribun Video
[+] Ditemukan 17 berita untuk query: 'sppg Madiun'
[*] Mencari berita untuk query: 'sppg Magetan'
[+] Ditemukan 4 berita untuk query: 'sppg Magetan'
[*] Mencari berita untuk query: 'sppg Malang'
[+] Ditemukan 39 berita untuk query: 'sppg Malang'
[-] Terfilter (Aman/Positif): 'Kemarin, penyempurnaan tata ke...' -> Dibuang.
[-] Terfilter (Aman/Positif): 'DPR Akan Panggil BGN Terkait P...' -> Dibuang.
[*] Mencari berita untuk query: 'sppg Mojokerto'
[+] Ditemukan 15 berita untuk query: 'sppg Mojokerto'
[*] Mencari berita untuk query: 'sppg Nganjuk'
[+] Ditemukan 5 berita untuk query: 'sppg Nganjuk'
[*] Mencari berita untuk query: 'sppg Ngawi'
[+] Ditemukan 25 berita untuk query: 'sppg Ngawi'
[-] Terfilter (Aman/Positif): 'Satu Kelengahan, Berakhir Duka...' -> Dibuang.
[*] Mencari berita untuk query: 'sppg Pacitan'
[+] Ditemukan 2 berita untuk query: 'sppg Pacitan'
[*] Mencari berita untuk query: 'sppg Pamekasan'
[Worker-1] Memproses artikel dari antrean: Kasus Nikah Sesama Wanita di Malang, Ter...
[*] Memproses artikel: Kasus Nikah Sesama Wanita di Malang, Terlapor Bant...
[+] Ditemukan 9 berita untuk query: 'sppg Pamekasan'
[*] Mencari berita untuk query: 'sppg Pasuruan'
[+] Ditemukan 4 berita untuk query: 'sppg Pasuruan'
[*] Mencari berita untuk query: 'sppg Ponorogo'
[+] Ditemukan 10 berita untuk query: 'sppg Ponorogo'
[*] Mencari berita untuk query: 'sppg Probolinggo'
[+] Ditemukan 9 berita untuk query: 'sppg Probolinggo'
[*] Mencari berita untuk query: 'sppg Sampang'
[+] Ditemukan 8 berita untuk query: 'sppg Sampang'
[*] Mencari berita untuk query: 'sppg Sidoarjo'
[!] Decoder Gagal/Limit (429). Menjalankan Lapis 4: Resilient Search...04/10/2026 09:38:40 AM - Certificate did not match expected hostname: duckduckgo.com. Certificate: {'subject': ((('countryName', 'ID'),), (('localityName', 'Jakarta Selatan'),), (('organizationName', 'PT Telekomunikasi Selular'),), (('commonName', 'internetbaik.telkomsel.com'),)), 'issuer': ((('countryName', 'US'),), (('organizationName', 'DigiCert Inc'),), (('commonName', 'DigiCert Global G2 TLS RSA SHA256 2020 CA1'),)), 'version': 3, 'serialNumber': '046114EEB9F134291B2B43A6A2E88779', 'notBefore': 'Aug 26 00:00:00 2025 GMT', 'notAfter': 'Aug 25 23:59:59 2026 GMT', 'subjectAltName': (('DNS', 'internetbaik.telkomsel.com'), ('DNS', 'internettepat.telkomsel.com')), 'OCSP': ('http://ocsp.digicert.com',), 'caIssuers': ('http://cacerts.digicert.com/DigiCertGlobalG2TLSRSASHA2562020CA1-1.crt',), 'crlDistributionPoints': ('http://crl3.digicert.com/DigiCertGlobalG2TLSRSASHA2562020CA1-1.crl', 'http://crl4.digicert.com/DigiCertGlobalG2TLSRSASHA2562020CA1-1.crl')}
04/10/2026 09:38:49 AM - Certificate did not match expected hostname: duckduckgo.com. Certificate: {'subject': ((('countryName', 'ID'),), (('localityName', 'Jakarta Selatan'),), (('organizationName', 'PT Telekomunikasi Selular'),), (('commonName', 'internetbaik.telkomsel.com'),)), 'issuer': ((('countryName', 'US'),), (('organizationName', 'DigiCert Inc'),), (('commonName', 'DigiCert Global G2 TLS RSA SHA256 2020 CA1'),)), 'version': 3, 'serialNumber': '046114EEB9F134291B2B43A6A2E88779', 'notBefore': 'Aug 26 00:00:00 2025 GMT', 'notAfter': 'Aug 25 23:59:59 2026 GMT', 'subjectAltName': (('DNS', 'internetbaik.telkomsel.com'), ('DNS', 'internettepat.telkomsel.com')), 'OCSP': ('http://ocsp.digicert.com',), 'caIssuers': ('http://cacerts.digicert.com/DigiCertGlobalG2TLSRSASHA2562020CA1-1.crt',), 'crlDistributionPoints': ('http://crl3.digicert.com/DigiCertGlobalG2TLSRSASHA2562020CA1-1.crl', 'http://crl4.digicert.com/DigiCertGlobalG2TLSRSASHA2562020CA1-1.crl')}
04/10/2026 09:39:00 AM - HTTP Request: POST https://api.groq.com/openai/v1/chat/completions "HTTP/1.1 200 OK"
04/10/2026 09:39:43 AM - Certificate did not match expected hostname: duckduckgo.com. Certificate: {'subject': ((('countryName', 'ID'),), (('localityName', 'Jakarta Selatan'),), (('organizationName', 'PT Telekomunikasi Selular'),), (('commonName', 'internetbaik.telkomsel.com'),)), 'issuer': ((('countryName', 'US'),), (('organizationName', 'DigiCert Inc'),), (('commonName', 'DigiCert Global G2 TLS RSA SHA256 2020 CA1'),)), 'version': 3, 'serialNumber': '046114EEB9F134291B2B43A6A2E88779', 'notBefore': 'Aug 26 00:00:00 2025 GMT', 'notAfter': 'Aug 25 23:59:59 2026 GMT', 'subjectAltName': (('DNS', 'internetbaik.telkomsel.com'), ('DNS', 'internettepat.telkomsel.com')), 'OCSP': ('http://ocsp.digicert.com',), 'caIssuers': ('http://cacerts.digicert.com/DigiCertGlobalG2TLSRSASHA2562020CA1-1.crt',), 'crlDistributionPoints': ('http://crl3.digicert.com/DigiCertGlobalG2TLSRSASHA2562020CA1-1.crl', 'http://crl4.digicert.com/DigiCertGlobalG2TLSRSASHA2562020CA1-1.crl')}
04/10/2026 09:39:53 AM - Certificate did not match expected hostname: duckduckgo.com. Certificate: {'subject': ((('countryName', 'ID'),), (('localityName', 'Jakarta Selatan'),), (('organizationName', 'PT Telekomunikasi Selular'),), (('commonName', 'internetbaik.telkomsel.com'),)), 'issuer': ((('countryName', 'US'),), (('organizationName', 'DigiCert Inc'),), (('commonName', 'DigiCert Global G2 TLS RSA SHA256 2020 CA1'),)), 'version': 3, 'serialNumber': '046114EEB9F134291B2B43A6A2E88779', 'notBefore': 'Aug 26 00:00:00 2025 GMT', 'notAfter': 'Aug 25 23:59:59 2026 GMT', 'subjectAltName': (('DNS', 'internetbaik.telkomsel.com'), ('DNS', 'internettepat.telkomsel.com')), 'OCSP': ('http://ocsp.digicert.com',), 'caIssuers': ('http://cacerts.digicert.com/DigiCertGlobalG2TLSRSASHA2562020CA1-1.crt',), 'crlDistributionPoints': ('http://crl3.digicert.com/DigiCertGlobalG2TLSRSASHA2562020CA1-1.crl', 'http://crl4.digicert.com/DigiCertGlobalG2TLSRSASHA2562020CA1-1.crl')}
04/10/2026 09:40:04 AM - HTTP Request: POST https://api.groq.com/openai/v1/chat/completions "HTTP/1.1 200 OK"

[+] Ditemukan 20 berita untuk query: 'sppg Sidoarjo'
[*] Mencari berita untuk query: 'sppg Situbondo'
[+] Ditemukan 7 berita untuk query: 'sppg Situbondo'
[*] Mencari berita untuk query: 'sppg Sumenep'
[+] Ditemukan 40 berita untuk query: 'sppg Sumenep'
[-] Terfilter (Aman/Positif): 'Video: Heboh Relawan SPPG Joge...' -> Dibuang.
[-] Terfilter (Aman/Positif): 'Sorotan Khusus: Kopdes Merah P...' -> Dibuang.
[*] Crawled & Lolos Filter: 'Anak Kandung Tega Mutilasi Ibu...' -> Masuk Antrean (Sisa: 7)
[*] Mencari berita untuk query: 'sppg Trenggalek'
[+] Ditemukan 5 berita untuk query: 'sppg Trenggalek'
[*] Mencari berita untuk query: 'sppg Tuban'
[+] Ditemukan 17 berita untuk query: 'sppg Tuban'
[*] Mencari berita untuk query: 'sppg Tulungagung'
[+] Ditemukan 8 berita untuk query: 'sppg Tulungagung'
[*] Mencari berita untuk query: 'sppg Batu'
[+] Ditemukan 16 berita untuk query: 'sppg Batu'
[*] Mencari berita untuk query: 'sppg Surabaya'
[!] Peringatan: Gagal mengekstrak teks asli, fallback ke metode deskripsi pintar (GNews fallback).
[*] Melakukan AI Profiling terhadap: Kasus Nikah Sesama Wanita di Malang, Terlapor Bantah Palsukan Dokumen - TIMES Indonesia
[*] Menggunakan model: llama-3.3-70b-versatile (Percobaan 1)
[-] Bukan ancaman sentimen negatif murni: Kasus Nikah Sesama Wanita di Malang, Terlapor Bantah Palsukan Dokumen - TIMES Indonesia
[+] Ditemukan 52 berita untuk query: 'sppg Surabaya'
[-] Terfilter (Aman/Positif): 'Tujuh SPPG Sumbawa Belum Milik...' -> Dibuang.
[*] Mencari berita untuk query: 'sppg Jawa Timur'
[+] Ditemukan 29 berita untuk query: 'sppg Jawa Timur'
[*] Mencari berita untuk query: 'keracunan Bangkalan'
[*] Mencari berita untuk query: 'keracunan Banyuwangi'
[+] Ditemukan 3 berita untuk query: 'keracunan Banyuwangi'
[-] Terfilter (Aman/Positif): 'Film Ziam Bikin Tegang! Thrill...' -> Dibuang.
[*] Mencari berita untuk query: 'keracunan Blitar'
[*] Mencari berita untuk query: 'keracunan Bojonegoro'
[*] Mencari berita untuk query: 'keracunan Bondowoso'
[Worker-1] Memproses artikel dari antrean: Disebut Palsukan Identitas, Rey Laporkan...
[*] Memproses artikel: Disebut Palsukan Identitas, Rey Laporkan Balik Int...
[*] Mencari berita untuk query: 'keracunan Gresik'
[+] Ditemukan 1 berita untuk query: 'keracunan Gresik'
[*] Mencari berita untuk query: 'keracunan Jember'
[*] Mencari berita untuk query: 'keracunan Jombang'
[+] Ditemukan 2 berita untuk query: 'keracunan Jombang'
[*] Mencari berita untuk query: 'keracunan Kediri'
[*] Mencari berita untuk query: 'keracunan Lamongan'
[*] Mencari berita untuk query: 'keracunan Lumajang'
[*] Mencari berita untuk query: 'keracunan Madiun'
[*] Mencari berita untuk query: 'keracunan Magetan'
[+] Ditemukan 1 berita untuk query: 'keracunan Magetan'
[*] Mencari berita untuk query: 'keracunan Malang'
[+] Ditemukan 2 berita untuk query: 'keracunan Malang'
[*] Mencari berita untuk query: 'keracunan Mojokerto'
[+] Ditemukan 1 berita untuk query: 'keracunan Mojokerto'
[*] Mencari berita untuk query: 'keracunan Nganjuk'
[+] Ditemukan 3 berita untuk query: 'keracunan Nganjuk'
[*] Mencari berita untuk query: 'keracunan Ngawi'
[+] Ditemukan 1 berita untuk query: 'keracunan Ngawi'
[*] Mencari berita untuk query: 'keracunan Pacitan'
[*] Mencari berita untuk query: 'keracunan Pamekasan'
[*] Mencari berita untuk query: 'keracunan Pasuruan'
[+] Ditemukan 2 berita untuk query: 'keracunan Pasuruan'
[*] Mencari berita untuk query: 'keracunan Ponorogo'
[*] Mencari berita untuk query: 'keracunan Probolinggo'
[!] Decoder Gagal/Limit (429). Menjalankan Lapis 4: Resilient Search...
[*] Mencari berita untuk query: 'keracunan Sampang'
[*] Mencari berita untuk query: 'keracunan Sidoarjo'
[+] Ditemukan 1 berita untuk query: 'keracunan Sidoarjo'
[*] Mencari berita untuk query: 'keracunan Situbondo'
[*] Mencari berita untuk query: 'keracunan Sumenep'
[+] Ditemukan 7 berita untuk query: 'keracunan Sumenep'
[*] Mencari berita untuk query: 'keracunan Trenggalek'
[*] Mencari berita untuk query: 'keracunan Tuban'
[+] Ditemukan 6 berita untuk query: 'keracunan Tuban'
[*] Mencari berita untuk query: 'keracunan Tulungagung'
[+] Ditemukan 2 berita untuk query: 'keracunan Tulungagung'
[*] Mencari berita untuk query: 'keracunan Batu'
[+] Ditemukan 1 berita untuk query: 'keracunan Batu'
[*] Mencari berita untuk query: 'keracunan Surabaya'
[+] Ditemukan 6 berita untuk query: 'keracunan Surabaya'
[*] Crawled & Lolos Filter: 'Ledakan Elpiji 3 Kg di Bubutan...' -> Masuk Antrean (Sisa: 7)
[*] Mencari berita untuk query: 'keracunan Jawa Timur'
[+] Ditemukan 5 berita untuk query: 'keracunan Jawa Timur'
[*] Mencari berita untuk query: 'pupuk ilegal Bangkalan'
[*] Mencari berita untuk query: 'pupuk ilegal Banyuwangi'
[*] Mencari berita untuk query: 'pupuk ilegal Blitar'
[*] Mencari berita untuk query: 'pupuk ilegal Bojonegoro'
[+] Ditemukan 1 berita untuk query: 'pupuk ilegal Bojonegoro'
[*] Mencari berita untuk query: 'pupuk ilegal Bondowoso'
[*] Mencari berita untuk query: 'pupuk ilegal Gresik'
[+] Ditemukan 5 berita untuk query: 'pupuk ilegal Gresik'
[*] Mencari berita untuk query: 'pupuk ilegal Jember'
[*] Mencari berita untuk query: 'pupuk ilegal Jombang'
[+] Ditemukan 1 berita untuk query: 'pupuk ilegal Jombang'
[*] Mencari berita untuk query: 'pupuk ilegal Kediri'
[*] Mencari berita untuk query: 'pupuk ilegal Lamongan'
[*] Mencari berita untuk query: 'pupuk ilegal Lumajang'
[*] Mencari berita untuk query: 'pupuk ilegal Madiun'
[*] Mencari berita untuk query: 'pupuk ilegal Magetan'
[*] Mencari berita untuk query: 'pupuk ilegal Malang'
[+] Ditemukan 1 berita untuk query: 'pupuk ilegal Malang'
[*] Mencari berita untuk query: 'pupuk ilegal Mojokerto'
[+] Ditemukan 1 berita untuk query: 'pupuk ilegal Mojokerto'
[*] Mencari berita untuk query: 'pupuk ilegal Nganjuk'
[*] Mencari berita untuk query: 'pupuk ilegal Ngawi'
[*] Mencari berita untuk query: 'pupuk ilegal Pacitan'
[*] Mencari berita untuk query: 'pupuk ilegal Pamekasan'
[*] Mencari berita untuk query: 'pupuk ilegal Pasuruan'
[*] Mencari berita untuk query: 'pupuk ilegal Ponorogo'
[*] Mencari berita untuk query: 'pupuk ilegal Probolinggo'
[*] Mencari berita untuk query: 'pupuk ilegal Sampang'
[*] Mencari berita untuk query: 'pupuk ilegal Sidoarjo'
[*] Mencari berita untuk query: 'pupuk ilegal Situbondo'
[*] Mencari berita untuk query: 'pupuk ilegal Sumenep'
[+] Ditemukan 1 berita untuk query: 'pupuk ilegal Sumenep'
[*] Mencari berita untuk query: 'pupuk ilegal Trenggalek'
[*] Mencari berita untuk query: 'pupuk ilegal Tuban'
[*] Mencari berita untuk query: 'pupuk ilegal Tulungagung'
[*] Mencari berita untuk query: 'pupuk ilegal Batu'
[*] Mencari berita untuk query: 'pupuk ilegal Surabaya'
[*] Mencari berita untuk query: 'pupuk ilegal Jawa Timur'
[!] Peringatan: Gagal mengekstrak teks asli, fallback ke metode deskripsi pintar (GNews fallback).
[+] Ditemukan 1 berita untuk query: 'pupuk ilegal Jawa Timur'
[*] Mencari berita untuk query: 'rokok ilegal Bangkalan'
[*] Mencari berita untuk query: 'rokok ilegal Banyuwangi'
[+] Ditemukan 8 berita untuk query: 'rokok ilegal Banyuwangi'
[*] Mencari berita untuk query: 'rokok ilegal Blitar'
[+] Ditemukan 1 berita untuk query: 'rokok ilegal Blitar'
[*] Mencari berita untuk query: 'rokok ilegal Bojonegoro'
[+] Ditemukan 2 berita untuk query: 'rokok ilegal Bojonegoro'
[*] Mencari berita untuk query: 'rokok ilegal Bondowoso'
[*] Mencari berita untuk query: 'rokok ilegal Gresik'
[*] Melakukan AI Profiling terhadap: Disebut Palsukan Identitas, Rey Laporkan Balik Intan atas Pencemaran Nama Baik: Dia Tahu dari Awal - Tribun Video
[*] Menggunakan model: llama-3.3-70b-versatile (Percobaan 1)
[-] Berita diabaikan karena wilayah kejadian di luar Jawa Timur: Disebut Palsukan Identitas, Rey Laporkan Balik Intan atas Pencemaran Nama Baik: Dia Tahu dari Awal - Tribun Video
[+] Ditemukan 13 berita untuk query: 'rokok ilegal Gresik'
[*] Mencari berita untuk query: 'rokok ilegal Jember'
[+] Ditemukan 3 berita untuk query: 'rokok ilegal Jember'
[*] Mencari berita untuk query: 'rokok ilegal Jombang'
[+] Ditemukan 3 berita untuk query: 'rokok ilegal Jombang'
[*] Mencari berita untuk query: 'rokok ilegal Kediri'
[+] Ditemukan 9 berita untuk query: 'rokok ilegal Kediri'04/10/2026 09:40:50 AM - HTTP Request: POST https://api.groq.com/openai/v1/chat/completions "HTTP/1.1 200 OK"
